
> temp-app@0.0.0 test
> vitest --run


[1m[30m[46m RUN [49m[39m[22m [36mv4.1.5 [39m[90mC:/Users/muroz/Documents/GitHub/univ-schedule-manager[39m

 [31m笶ｯ[39m src/tests/a11y.test.tsx [2m([22m[2m0 test[22m[2m)[22m
 [31m笶ｯ[39m src/services/tasksApi.test.ts [2m([22m[2m1 test[22m[2m | [22m[31m1 failed[39m[2m)[22m[32m 9[2mms[22m[39m
[31m     [31mﾃ・[31m appends the time correctly to the notes field[39m[32m 8[2mms[22m[39m
 [31m笶ｯ[39m src/components/schedule/ScheduleGrid.test.tsx [2m([22m[2m0 test[22m[2m)[22m
 [32m笨・[39m src/utils/dateUtils.test.ts [2m([22m[2m2 tests[22m[2m)[22m[33m 2925[2mms[22m[39m
     [33m[2m笨・[22m[39m calculates the deadline correctly for next class, 1 day before [33m 1455[2mms[22m[39m
     [33m[2m笨・[22m[39m calculates the deadline correctly for 2 classes later, 2 days before [33m 1468[2mms[22m[39m

[2m Test Files [22m [1m[31m3 failed[39m[22m[2m | [22m[1m[32m1 passed[39m[22m[90m (4)[39m
[2m      Tests [22m [1m[31m1 failed[39m[22m[2m | [22m[1m[32m2 passed[39m[22m[90m (3)[39m
[2m   Start at [22m 12:58:45
[2m   Duration [22m 7.10s[2m (transform 369ms, setup 357ms, import 418ms, tests 2.93s, environment 2.97s)[22m

